C51 COMPILER V9.59.0.0   UART                                                              06/11/2020 09:44:22 PAGE 1   


C51 COMPILER V9.59.0.0, COMPILATION OF MODULE UART
OBJECT MODULE PLACED IN UART.OBJ
COMPILER INVOKED BY: D:\Program Files\Keil5\C51\BIN\C51.exe UART.c

line level    source

*** WARNING C500 IN LINE 1 OF UART.c: LICENSE ERROR (R207(3): REGISTRY READ ERROR)

   1          #include "UART.h"
   2          
   3          void UartInit(void)
   4          {
   5   1          TR1 = 0;
   6   1          TMOD = 0x20;
   7   1          SCON = 0x50;
   8   1          TH1 = 0xFD;
   9   1          TL1 = TH1;
  10   1          PCON = 0x00;
  11   1          EA = 1;
  12   1          ES = 1;
  13   1          TR1 = 1;
  14   1      }
  15          char putchar(char c)
  16          {
  17   1          UartInit();
  18   1          ES = 0;
  19   1          SBUF = c;
  20   1          while (TI == 0)
  21   1              ;
  22   1          TI = 0;
  23   1          ES = 1;
  24   1          return 0;
  25   1      }


MODULE INFORMATION:   STATIC OVERLAYABLE
   CODE SIZE        =     41    ----
   CONSTANT SIZE    =   ----    ----
   XDATA SIZE       =   ----    ----
   PDATA SIZE       =   ----    ----
   DATA SIZE        =   ----    ----
   IDATA SIZE       =   ----    ----
   BIT SIZE         =   ----    ----
END OF MODULE INFORMATION.


C51 COMPILATION COMPLETE.  1 WARNING(S),  0 ERROR(S)
